::ffff:127.0.0.1 - - [22/May/2026 19:36:17] code 404, message File not found
::ffff:127.0.0.1 - - [22/May/2026 19:36:17] "GET /_next/webpack-hmr HTTP/1.1" 404 -
::1 - - [22/May/2026 19:36:17] code 404, message File not found
::1 - - [22/May/2026 19:36:17] "GET /_next/webpack-hmr HTTP/1.1" 404 -
::ffff:127.0.0.1 - - [22/May/2026 19:36:19] "GET /en/ HTTP/1.1" 200 -
::1 - - [22/May/2026 19:36:19] code 404, message File not found
::1 - - [22/May/2026 19:36:19] "GET /_next/webpack-hmr HTTP/1.1" 404 -
::1 - - [22/May/2026 19:36:25] code 404, message File not found
::1 - - [22/May/2026 19:36:25] code 404, message File not found
::1 - - [22/May/2026 19:36:25] "GET /_next/webpack-hmr HTTP/1.1" 404 -
::1 - - [22/May/2026 19:36:25] "GET /_next/webpack-hmr HTTP/1.1" 404 -
::1 - - [22/May/2026 19:36:26] code 404, message File not found
::1 - - [22/May/2026 19:36:26] "GET /_next/webpack-hmr HTTP/1.1" 404 -
::1 - - [22/May/2026 19:36:31] code 404, message File not found
::1 - - [22/May/2026 19:36:31] "GET /_next/webpack-hmr HTTP/1.1" 404 -
::1 - - [22/May/2026 19:36:35] code 404, message File not found
::1 - - [22/May/2026 19:36:35] "GET /_next/webpack-hmr HTTP/1.1" 404 -
::1 - - [22/May/2026 19:36:37] code 404, message File not found
::1 - - [22/May/2026 19:36:37] "GET /_next/webpack-hmr HTTP/1.1" 404 -
::1 - - [22/May/2026 19:36:39] code 404, message File not found
::1 - - [22/May/2026 19:36:39] "GET /_next/webpack-hmr HTTP/1.1" 404 -
::ffff:127.0.0.1 - - [22/May/2026 19:36:44] "GET /en/ HTTP/1.1" 200 -
::1 - - [22/May/2026 19:36:44] code 404, message File not found
::1 - - [22/May/2026 19:36:44] "GET /_next/webpack-hmr HTTP/1.1" 404 -
::1 - - [22/May/2026 19:36:45] code 404, message File not found
::1 - - [22/May/2026 19:36:45] "GET /_next/webpack-hmr HTTP/1.1" 404 -
::1 - - [22/May/2026 19:36:47] code 404, message File not found
::1 - - [22/May/2026 19:36:47] "GET /_next/webpack-hmr HTTP/1.1" 404 -
::1 - - [22/May/2026 19:36:53] code 404, message File not found
::1 - - [22/May/2026 19:36:53] "GET /_next/webpack-hmr HTTP/1.1" 404 -
::1 - - [22/May/2026 19:36:53] code 404, message File not found
::1 - - [22/May/2026 19:36:53] "GET /_next/webpack-hmr HTTP/1.1" 404 -
::1 - - [22/May/2026 19:36:53] code 404, message File not found
::1 - - [22/May/2026 19:36:53] "GET /_next/webpack-hmr HTTP/1.1" 404 -
::1 - - [22/May/2026 19:37:01] code 404, message File not found
::1 - - [22/May/2026 19:37:01] "GET /_next/webpack-hmr HTTP/1.1" 404 -
::1 - - [22/May/2026 19:37:02] code 404, message File not found
::1 - - [22/May/2026 19:37:02] "GET /_next/webpack-hmr HTTP/1.1" 404 -
::1 - - [22/May/2026 19:37:03] code 404, message File not found
::1 - - [22/May/2026 19:37:03] "GET /_next/webpack-hmr HTTP/1.1" 404 -
::1 - - [22/May/2026 19:37:09] code 404, message File not found
::1 - - [22/May/2026 19:37:09] "GET /_next/webpack-hmr HTTP/1.1" 404 -
::1 - - [22/May/2026 19:37:09] code 404, message File not found
::1 - - [22/May/2026 19:37:09] "GET /_next/webpack-hmr HTTP/1.1" 404 -
::1 - - [22/May/2026 19:37:12] code 404, message File not found
::1 - - [22/May/2026 19:37:12] "GET /_next/webpack-hmr HTTP/1.1" 404 -
::1 - - [22/May/2026 19:37:14] "GET /en HTTP/1.1" 301 -
::1 - - [22/May/2026 19:37:14] "GET /en/ HTTP/1.1" 200 -
::1 - - [22/May/2026 19:37:14] "GET /favicon.ico HTTP/1.1" 200 -
::1 - - [22/May/2026 19:37:18] code 404, message File not found
::1 - - [22/May/2026 19:37:18] "GET /_next/webpack-hmr HTTP/1.1" 404 -
::1 - - [22/May/2026 19:37:18] code 404, message File not found
::1 - - [22/May/2026 19:37:18] "GET /_next/webpack-hmr HTTP/1.1" 404 -
::1 - - [22/May/2026 19:37:20] code 404, message File not found
::1 - - [22/May/2026 19:37:20] "GET /_next/webpack-hmr HTTP/1.1" 404 -
::1 - - [22/May/2026 19:37:24] "GET /en/ HTTP/1.1" 200 -
::1 - - [22/May/2026 19:37:26] code 404, message File not found
::1 - - [22/May/2026 19:37:26] "GET /_next/webpack-hmr HTTP/1.1" 404 -
::1 - - [22/May/2026 19:37:27] code 404, message File not found
::1 - - [22/May/2026 19:37:27] "GET /_next/webpack-hmr HTTP/1.1" 404 -
::1 - - [22/May/2026 19:37:30] code 404, message File not found
::1 - - [22/May/2026 19:37:30] "GET /_next/webpack-hmr HTTP/1.1" 404 -
::1 - - [22/May/2026 19:37:30] code 404, message File not found
::1 - - [22/May/2026 19:37:30] "GET /en/games/Reaction-Time-Test/The-Reaction-Time-Test HTTP/1.1" 404 -
::1 - - [22/May/2026 19:37:35] code 404, message File not found
::1 - - [22/May/2026 19:37:35] "GET /_next/webpack-hmr HTTP/1.1" 404 -
::1 - - [22/May/2026 19:37:35] code 404, message File not found
::1 - - [22/May/2026 19:37:35] "GET /_next/webpack-hmr HTTP/1.1" 404 -
::1 - - [22/May/2026 19:37:38] "GET / HTTP/1.1" 200 -
::1 - - [22/May/2026 19:37:38] "GET /_next/static/css/0d8a7488139ca208.css HTTP/1.1" 200 -
::1 - - [22/May/2026 19:37:38] "GET /_next/static/chunks/webpack-8fa1640cc84ba8fe.js HTTP/1.1" 200 -
::1 - - [22/May/2026 19:37:38] "GET /_next/static/chunks/main-58e59b5cce6affae.js HTTP/1.1" 200 -
::1 - - [22/May/2026 19:37:38] "GET /_next/static/chunks/pages/_app-27a3dc7f6835bf2a.js HTTP/1.1" 200 -
::1 - - [22/May/2026 19:37:38] "GET /_next/static/chunks/pages/index-dac7a851672099c0.js HTTP/1.1" 200 -
::1 - - [22/May/2026 19:37:38] "GET /_next/static/chunks/framework-0cbe3b56a5f66701.js HTTP/1.1" 200 -
::1 - - [22/May/2026 19:37:38] "GET /_next/static/k1iJZEDEBRvkLOFS3Phjv/_buildManifest.js HTTP/1.1" 200 -
::1 - - [22/May/2026 19:37:38] "GET /_next/static/k1iJZEDEBRvkLOFS3Phjv/_ssgManifest.js HTTP/1.1" 200 -
::1 - - [22/May/2026 19:37:38] "GET /favicon.ico HTTP/1.1" 200 -
::1 - - [22/May/2026 19:37:38] "GET /_next/static/chunks/276-460230ca84bf0b81.js HTTP/1.1" 200 -
::1 - - [22/May/2026 19:37:38] "GET /_next/static/chunks/pages/en-84bd258303f2cbb7.js HTTP/1.1" 200 -
::1 - - [22/May/2026 19:37:38] "GET /favicon-32x32.png HTTP/1.1" 200 -
::1 - - [22/May/2026 19:37:40] "GET /_next/static/chunks/pages/en/games/Reaction-Time-Test/The-Reaction-Time-Test-e94277ab4c2c749e.js HTTP/1.1" 200 -
::1 - - [22/May/2026 19:37:40] "GET /_next/static/chunks/pages/en/games/Reaction-Time-Test/Reaction-Time-Test-V1.1-FEATURED-aba40ec7ce4e5b83.js HTTP/1.1" 200 -
::1 - - [22/May/2026 19:37:42] code 404, message File not found
::1 - - [22/May/2026 19:37:42] "GET /_next/webpack-hmr HTTP/1.1" 404 -
::1 - - [22/May/2026 19:37:42] "GET /en HTTP/1.1" 301 -
::1 - - [22/May/2026 19:37:42] "GET /en/ HTTP/1.1" 200 -
::1 - - [22/May/2026 19:37:43] code 404, message File not found
::1 - - [22/May/2026 19:37:43] "GET /_next/webpack-hmr HTTP/1.1" 404 -
::1 - - [22/May/2026 19:37:43] "GET /en HTTP/1.1" 301 -
::1 - - [22/May/2026 19:37:43] "GET /en/ HTTP/1.1" 200 -
::1 - - [22/May/2026 19:37:58] "GET /en/ HTTP/1.1" 200 -
::1 - - [22/May/2026 19:37:58] "GET /favicon.ico HTTP/1.1" 200 -
::1 - - [22/May/2026 19:38:00] "GET /en/ HTTP/1.1" 200 -
::1 - - [22/May/2026 19:38:21] "GET / HTTP/1.1" 200 -
::1 - - [22/May/2026 19:38:21] "GET /_next/static/css/0d8a7488139ca208.css HTTP/1.1" 200 -
::1 - - [22/May/2026 19:38:21] "GET /_next/static/chunks/webpack-8fa1640cc84ba8fe.js HTTP/1.1" 200 -
::1 - - [22/May/2026 19:38:21] "GET /_next/static/chunks/framework-0cbe3b56a5f66701.js HTTP/1.1" 200 -
::1 - - [22/May/2026 19:38:21] "GET /_next/static/chunks/pages/_app-27a3dc7f6835bf2a.js HTTP/1.1" 200 -
::1 - - [22/May/2026 19:38:21] "GET /_next/static/chunks/main-58e59b5cce6affae.js HTTP/1.1" 200 -
::1 - - [22/May/2026 19:38:21] "GET /_next/static/chunks/pages/index-dac7a851672099c0.js HTTP/1.1" 200 -
::1 - - [22/May/2026 19:38:21] "GET /_next/static/k1iJZEDEBRvkLOFS3Phjv/_buildManifest.js HTTP/1.1" 200 -
::1 - - [22/May/2026 19:38:21] "GET /_next/static/k1iJZEDEBRvkLOFS3Phjv/_ssgManifest.js HTTP/1.1" 200 -
::1 - - [22/May/2026 19:38:21] "GET /_next/static/chunks/webpack-8fa1640cc84ba8fe.js HTTP/1.1" 200 -
::1 - - [22/May/2026 19:38:21] "GET /_next/static/chunks/276-460230ca84bf0b81.js HTTP/1.1" 200 -
::1 - - [22/May/2026 19:38:21] "GET /_next/static/chunks/pages/en-84bd258303f2cbb7.js HTTP/1.1" 200 -
::1 - - [22/May/2026 19:38:21] "GET /_next/static/chunks/pages/_app-27a3dc7f6835bf2a.js HTTP/1.1" 200 -
::1 - - [22/May/2026 19:38:21] "GET /_next/static/chunks/framework-0cbe3b56a5f66701.js HTTP/1.1" 200 -
::1 - - [22/May/2026 19:38:21] "GET /_next/static/chunks/main-58e59b5cce6affae.js HTTP/1.1" 200 -
::1 - - [22/May/2026 19:38:21] "GET /_next/static/chunks/pages/index-dac7a851672099c0.js HTTP/1.1" 200 -
::1 - - [22/May/2026 19:38:22] "GET /_next/static/k1iJZEDEBRvkLOFS3Phjv/_buildManifest.js HTTP/1.1" 200 -
::1 - - [22/May/2026 19:38:22] "GET /_next/static/chunks/276-460230ca84bf0b81.js HTTP/1.1" 200 -
::1 - - [22/May/2026 19:38:22] "GET /_next/static/k1iJZEDEBRvkLOFS3Phjv/_ssgManifest.js HTTP/1.1" 200 -
::1 - - [22/May/2026 19:38:22] "GET /_next/static/chunks/pages/en-84bd258303f2cbb7.js HTTP/1.1" 200 -
::1 - - [22/May/2026 19:38:23] "GET /_next/static/chunks/pages/en/games/Reaction-Time-Test/Reaction-Time-Test-V1.1-FEATURED-aba40ec7ce4e5b83.js HTTP/1.1" 200 -
::1 - - [22/May/2026 19:38:23] "GET /_next/static/chunks/pages/en/games/Reaction-Time-Test/The-Reaction-Time-Test-e94277ab4c2c749e.js HTTP/1.1" 200 -
::1 - - [22/May/2026 19:38:24] "GET /_next/static/chunks/pages/en/games/Reaction-Time-Test/Reaction-Time-Test-V1.1-FEATURED-aba40ec7ce4e5b83.js HTTP/1.1" 200 -
::1 - - [22/May/2026 19:38:24] "GET /_next/static/chunks/pages/en/games/Reaction-Time-Test/The-Reaction-Time-Test-e94277ab4c2c749e.js HTTP/1.1" 200 -
::1 - - [22/May/2026 19:38:25] "GET /favicon.ico HTTP/1.1" 200 -
::1 - - [22/May/2026 19:38:25] "GET /favicon-32x32.png HTTP/1.1" 200 -
::1 - - [22/May/2026 20:01:05] "GET /en HTTP/1.1" 301 -
::1 - - [22/May/2026 20:01:05] "GET /en/ HTTP/1.1" 200 -
::1 - - [22/May/2026 20:03:14] code 404, message File not found
::1 - - [22/May/2026 20:03:14] "GET /en/reaction-time-test-featured HTTP/1.1" 404 -
::1 - - [22/May/2026 20:03:14] code 404, message File not found
::1 - - [22/May/2026 20:03:14] "GET /en/reaction-time-test HTTP/1.1" 404 -
::1 - - [22/May/2026 20:03:16] code 404, message File not found
::1 - - [22/May/2026 20:03:16] "GET /zh/games/Reaction-Time-Test/The-Reaction-Time-Test HTTP/1.1" 404 -
::1 - - [22/May/2026 20:03:16] code 404, message File not found
::1 - - [22/May/2026 20:03:16] "GET /en/games/Reaction-Time-Test/The-Reaction-Time-Test HTTP/1.1" 404 -
